[WebServer] (node:29484) Warning: The 'NO_COLOR' env is ignored due to the 'FORCE_COLOR' env being set.
[WebServer] (Use `node --trace-warnings ...` to show where the warning was created)
[WebServer] (node:8788) Warning: The 'NO_COLOR' env is ignored due to the 'FORCE_COLOR' env being set.
[WebServer] (Use `node --trace-warnings ...` to show where the warning was created)

Running 23 tests using 1 worker

(node:16268) Warning: The 'NO_COLOR' env is ignored due to the 'FORCE_COLOR' env being set.
(Use `node --trace-warnings ...` to show where the warning was created)
(node:16268) Warning: The 'NO_COLOR' env is ignored due to the 'FORCE_COLOR' env being set.
(Use `node --trace-warnings ...` to show where the warning was created)
  ok  1 browser\workflows.spec.js:4:1 ΓÇ║ static artifact identity and closed network policy (452ms)
  ok  2 browser\workflows.spec.js:63:34 ΓÇ║ O1 local synthetic template edit, refresh and athlete assignment at 1440px (2.6s)
  ok  3 browser\workflows.spec.js:63:34 ΓÇ║ O1 local synthetic template edit, refresh and athlete assignment at 320px (2.8s)
  ok  4 browser\workflows.spec.js:169:39 ΓÇ║ QA F4/F5: selection refresh and linked elevation retention at 1440px (3.4s)
  ok  5 browser\workflows.spec.js:169:39 ΓÇ║ QA F4/F5: selection refresh and linked elevation retention at 390px (3.2s)
  ok  6 browser\workflows.spec.js:169:39 ΓÇ║ QA F4/F5: selection refresh and linked elevation retention at 320px (3.2s)
  ok  7 browser\workflows.spec.js:274:39 ΓÇ║ QA F1/F2: visible library prescription and unknown actual load at 1440px (4.1s)
  ok  8 browser\workflows.spec.js:274:39 ΓÇ║ QA F1/F2: visible library prescription and unknown actual load at 390px (5.1s)
  ok  9 browser\workflows.spec.js:274:39 ΓÇ║ QA F1/F2: visible library prescription and unknown actual load at 320px (4.1s)
  ok 10 browser\workflows.spec.js:446:3 ΓÇ║ 1440px ΓÇ║ full coach / athlete loop, actuals, feedback, adjusted plan, message and reply (3.4s)
  ok 11 browser\workflows.spec.js:632:3 ΓÇ║ 1440px ΓÇ║ draft persistence, role and recipient isolation, failed save retry, reset cancel/confirm (2.2s)
  ok 12 browser\workflows.spec.js:709:3 ΓÇ║ 1440px ΓÇ║ check-in propagation, empty and missing states, mobile navigation and browser history (960ms)
  ok 13 browser\workflows.spec.js:446:3 ΓÇ║ 390px ΓÇ║ full coach / athlete loop, actuals, feedback, adjusted plan, message and reply (4.3s)
  ok 14 browser\workflows.spec.js:632:3 ΓÇ║ 390px ΓÇ║ draft persistence, role and recipient isolation, failed save retry, reset cancel/confirm (2.3s)
  ok 15 browser\workflows.spec.js:709:3 ΓÇ║ 390px ΓÇ║ check-in propagation, empty and missing states, mobile navigation and browser history (1.2s)
  ok 16 browser\workflows.spec.js:446:3 ΓÇ║ 320px ΓÇ║ full coach / athlete loop, actuals, feedback, adjusted plan, message and reply (3.5s)
  ok 17 browser\workflows.spec.js:632:3 ΓÇ║ 320px ΓÇ║ draft persistence, role and recipient isolation, failed save retry, reset cancel/confirm (2.2s)
  ok 18 browser\workflows.spec.js:709:3 ΓÇ║ 320px ΓÇ║ check-in propagation, empty and missing states, mobile navigation and browser history (998ms)
  ok 19 browser\workflows.spec.js:757:39 ΓÇ║ library, reschedule, private draft, copy/duplicate and keyboard at 1440px (3.3s)
  ok 20 browser\workflows.spec.js:757:39 ΓÇ║ library, reschedule, private draft, copy/duplicate and keyboard at 390px (4.0s)
  ok 21 browser\workflows.spec.js:757:39 ΓÇ║ library, reschedule, private draft, copy/duplicate and keyboard at 320px (3.5s)
  ok 22 browser\workflows.spec.js:940:1 ΓÇ║ session thread identities, activity detail and matching correction, no double count (1.6s)
  ok 23 browser\workflows.spec.js:997:1 ΓÇ║ completion correction, skip/undo, cancel, missing actuals and independent browser sessions (1.7s)

  23 passed (1.1m)

To open last HTML report run:
[36m[39m
[36m  npx playwright show-report[39m
[36m[39m
