[WebServer] (node:5804) Warning: The 'NO_COLOR' env is ignored due to the 'FORCE_COLOR' env being set.
[WebServer] (Use `node --trace-warnings ...` to show where the warning was created)
[WebServer] (node:8896) Warning: The 'NO_COLOR' env is ignored due to the 'FORCE_COLOR' env being set.
[WebServer] (Use `node --trace-warnings ...` to show where the warning was created)

Running 28 tests using 1 worker

(node:20960) Warning: The 'NO_COLOR' env is ignored due to the 'FORCE_COLOR' env being set.
(Use `node --trace-warnings ...` to show where the warning was created)
(node:20960) Warning: The 'NO_COLOR' env is ignored due to the 'FORCE_COLOR' env being set.
(Use `node --trace-warnings ...` to show where the warning was created)
  ok  1 browser\workflows.spec.js:5:1 ΓÇ║ static artifact identity and closed network policy (497ms)
  ok  2 browser\workflows.spec.js:64:34 ΓÇ║ reviewed synthetic library scope survives retry/role/athlete changes without native cache at 1440px (1.8s)
  ok  3 browser\workflows.spec.js:64:34 ΓÇ║ reviewed synthetic library scope survives retry/role/athlete changes without native cache at 320px (1.6s)
  ok  4 browser\workflows.spec.js:144:39 ΓÇ║ F9/P3 synthetic assignment preserves target prescriptions and source at 1440px (3.4s)
  ok  5 browser\workflows.spec.js:144:39 ΓÇ║ F9/P3 synthetic assignment preserves target prescriptions and source at 390px (3.9s)
  ok  6 browser\workflows.spec.js:144:39 ΓÇ║ F9/P3 synthetic assignment preserves target prescriptions and source at 320px (3.5s)
  ok  7 browser\workflows.spec.js:303:34 ΓÇ║ O1 local synthetic template edit, refresh and athlete assignment at 1440px (2.5s)
  ok  8 browser\workflows.spec.js:303:34 ΓÇ║ O1 local synthetic template edit, refresh and athlete assignment at 320px (3.4s)
  ok  9 browser\workflows.spec.js:409:39 ΓÇ║ QA F4/F5: selection refresh and linked elevation retention at 1440px (3.8s)
  ok 10 browser\workflows.spec.js:409:39 ΓÇ║ QA F4/F5: selection refresh and linked elevation retention at 390px (3.5s)
  ok 11 browser\workflows.spec.js:409:39 ΓÇ║ QA F4/F5: selection refresh and linked elevation retention at 320px (3.6s)
  ok 12 browser\workflows.spec.js:514:39 ΓÇ║ QA F1/F2: visible library prescription and unknown actual load at 1440px (4.3s)
  ok 13 browser\workflows.spec.js:514:39 ΓÇ║ QA F1/F2: visible library prescription and unknown actual load at 390px (5.4s)
  ok 14 browser\workflows.spec.js:514:39 ΓÇ║ QA F1/F2: visible library prescription and unknown actual load at 320px (4.4s)
  ok 15 browser\workflows.spec.js:686:3 ΓÇ║ 1440px ΓÇ║ full coach / athlete loop, actuals, feedback, adjusted plan, message and reply (3.7s)
  ok 16 browser\workflows.spec.js:872:3 ΓÇ║ 1440px ΓÇ║ draft persistence, role and recipient isolation, failed save retry, reset cancel/confirm (2.3s)
  ok 17 browser\workflows.spec.js:949:3 ΓÇ║ 1440px ΓÇ║ check-in propagation, empty and missing states, mobile navigation and browser history (1.3s)
  ok 18 browser\workflows.spec.js:686:3 ΓÇ║ 390px ΓÇ║ full coach / athlete loop, actuals, feedback, adjusted plan, message and reply (4.7s)
  ok 19 browser\workflows.spec.js:872:3 ΓÇ║ 390px ΓÇ║ draft persistence, role and recipient isolation, failed save retry, reset cancel/confirm (2.5s)
  ok 20 browser\workflows.spec.js:949:3 ΓÇ║ 390px ΓÇ║ check-in propagation, empty and missing states, mobile navigation and browser history (1.2s)
  ok 21 browser\workflows.spec.js:686:3 ΓÇ║ 320px ΓÇ║ full coach / athlete loop, actuals, feedback, adjusted plan, message and reply (3.8s)
  ok 22 browser\workflows.spec.js:872:3 ΓÇ║ 320px ΓÇ║ draft persistence, role and recipient isolation, failed save retry, reset cancel/confirm (2.3s)
  ok 23 browser\workflows.spec.js:949:3 ΓÇ║ 320px ΓÇ║ check-in propagation, empty and missing states, mobile navigation and browser history (1.1s)
  ok 24 browser\workflows.spec.js:997:39 ΓÇ║ library, reschedule, private draft, copy/duplicate and keyboard at 1440px (3.5s)
  ok 25 browser\workflows.spec.js:997:39 ΓÇ║ library, reschedule, private draft, copy/duplicate and keyboard at 390px (4.2s)
  ok 26 browser\workflows.spec.js:997:39 ΓÇ║ library, reschedule, private draft, copy/duplicate and keyboard at 320px (4.0s)
  ok 27 browser\workflows.spec.js:1180:1 ΓÇ║ session thread identities, activity detail and matching correction, no double count (1.8s)
  ok 28 browser\workflows.spec.js:1237:1 ΓÇ║ completion correction, skip/undo, cancel, missing actuals and independent browser sessions (1.9s)

  28 passed (1.5m)

To open last HTML report run:
[36m[39m
[36m  npx playwright show-report[39m
[36m[39m
